C51 COMPILER V9.60.0.0   MAIN                                                              01/13/2024 20:02:55 PAGE 1   


C51 COMPILER V9.60.0.0, COMPILATION OF MODULE MAIN
OBJECT MODULE PLACED IN .\OBJ\MAIN.obj
COMPILER INVOKED BY: D:\keil\KEIL_MDK\C51\BIN\C51.EXE MAIN.C LARGE ROM(COMPACT) OPTIMIZE(6,SIZE) BROWSE INCDIR(.\APP\bas
                    -e;.\APP\LoRa;.\APP\uart;.\APP\MidWare;.\APP\numTools;.\APP\sensor) DEBUG OBJECTEXTEND OBJECT(.\OBJ\MAIN.obj)

line level    source

   1          #include "typedef.h"
   2          #include "gpio.h"
   3          #include "string.h"
   4          #include "uart.h"
   5          #include "SX1278.h"
   6          #include "synchron.h"
   7          #include "stdio.h"
   8          #include "delay.h"
   9          #include "lora.h"
  10          #include "numtools.h"
  11          #include "synchron.h"
  12          #include "sensor.h"
  13          
  14          //extern u8 USART_RX_BUF[USART_REC_LEN];
  15          //extern u16 USART_RX_STA;
  16          //extern u16 currentNode;
  17          extern sensorStruct sensorData;
  18          
  19          char contextBuffer[8]="";
  20          u16 tx_buff[12]={0};
  21          
  22          void main(void) 
  23          {
  24   1              UartInit();
  25   1              hardwareInit();
  26   1              loraInit();
  27   1              
  28   1              while (1) 
  29   1              {
  30   2                      loraFreqHopping();              //监听独立电台跳频
  31   2                      LED0 = 0;
  32   2                      Delay1000ms();
  33   2                      Delay1000ms();
  34   2                      loraNodeCommunicate();
  35   2                      loraFreqDisHopping();
  36   2                      LED0 = 1;                               //发送结束
  37   2                      
  38   2                      do
  39   2                      {
  40   3                              loraRxData();
  41   3                      }while(synPeriod.word == (loraNodeNum/8));      //得到一个新周期后，跳出
  42   2                      
  43   2                      while(1)
  44   2                      {
  45   3                              //留给定时器，定时重启
  46   3                              //或者休眠，等待唤醒
  47   3                      }
  48   2                      
  49   2                      Delay1ms(10);
  50   2      
  51   2              }
  52   1      }
  53          
  54          
C51 COMPILER V9.60.0.0   MAIN                                                              01/13/2024 20:02:55 PAGE 2   

  55          
*** WARNING C294 IN LINE 49 OF MAIN.C: unreachable code


MODULE INFORMATION:   STATIC OVERLAYABLE
   CODE SIZE        =     46    ----
   CONSTANT SIZE    =   ----    ----
   XDATA SIZE       =     32    ----
   PDATA SIZE       =   ----    ----
   DATA SIZE        =   ----    ----
   IDATA SIZE       =   ----    ----
   BIT SIZE         =   ----    ----
END OF MODULE INFORMATION.


C51 COMPILATION COMPLETE.  1 WARNING(S),  0 ERROR(S)
