C51 COMPILER V9.60.0.0   DELAY                                                             01/12/2024 22:11:18 PAGE 1   


C51 COMPILER V9.60.0.0, COMPILATION OF MODULE DELAY
OBJECT MODULE PLACED IN .\OBJ\delay.obj
COMPILER INVOKED BY: D:\keil\KEIL_MDK\C51\BIN\C51.EXE APP\base\delay.c LARGE ROM(COMPACT) OPTIMIZE(0,SPEED) BROWSE INCDI
                    -R(.\APP\base;.\APP\LoRa;.\APP\uart;.\APP\MidWare;.\APP\numTools) DEBUG OBJECTEXTEND PRINT(.\delay.lst) OBJECT(.\OBJ\dela
                    -y.obj)

line level    source

   1          #include "delay.h"
   2          #include "typedef.h"
   3          
   4          //void Delay1ms(u16 count)              //@22.1184MHz           //实际上是350us一次，和原始保持相同时基单元
   5          //{
   6          //      int j;
   7          //   while(count--){
   8          //     for(j=0;j<1000;j++);
   9          //   }
  10          //}
  11          
  12          //1s的延时在sx1278的库中有定义，避免有重复定义
  13          


MODULE INFORMATION:   STATIC OVERLAYABLE
   CODE SIZE        =   ----    ----
   CONSTANT SIZE    =   ----    ----
   XDATA SIZE       =   ----    ----
   PDATA SIZE       =   ----    ----
   DATA SIZE        =   ----    ----
   IDATA SIZE       =   ----    ----
   BIT SIZE         =   ----    ----
END OF MODULE INFORMATION.


C51 COMPILATION COMPLETE.  0 WARNING(S),  0 ERROR(S)
